// Jest Snapshot v1, https://goo.gl/fbAQLP

exports[`FileInput component should match snapshot 1`] = `
<styled.label>
  <input
    name="file"
    onChange={[Function]}
    type="file"
  />
  <Component />
  <Component
    margin="10px"
  >
    Clique para adicionar uma m√≠dia
  </Component>
</styled.label>
`;
