// Jest Snapshot v1, https://goo.gl/fbAQLP

exports[`Wrapper component should match snapshot 1`] = `
<styled.div
  className={null}
/>
`;
