// Jest Snapshot v1, https://goo.gl/fbAQLP

exports[`ModalProvider component should match snapshot 1`] = `
<ContextProvider
  value={
    Object {
      "isOpen": false,
      "setFullScreen": [Function],
      "setRenderComponent": [Function],
      "setTitle": [Function],
      "toggleModal": [Function],
    }
  }
>
  <styled.div
    isOpen={false}
  >
    <div>
      children
    </div>
  </styled.div>
</ContextProvider>
`;
