// Jest Snapshot v1, https://goo.gl/fbAQLP

exports[`Button component should match snapshot 1`] = `
<styled.button
  disabled={false}
  full={false}
  gap={0}
  minWidth={null}
  secondary={false}
>
  <styled.span />
</styled.button>
`;
