// Jest Snapshot v1, https://goo.gl/fbAQLP

exports[`CoverImage component should match snapshot 1`] = `
<styled.div
  imageUrl="#"
>
  <styled.div />
</styled.div>
`;
